{"content-type"=>"text/html", "server"=>"Apache/2.2.14 (Unix)", "date"=>"Sun, 25 Apr 2010 12:17:38 GMT", "content-length"=>"44"}